// Jest Snapshot v1, https://goo.gl/fbAQLP

exports[`Calculator component matches snapshot 1`] = `
<DocumentFragment>
  <div
    class="calculator"
  >
    <h2
      class="calc-heading"
    >
       Lets do some Math!
    </h2>
    <div
      class="keypad"
    >
      <div
        class="row"
      >
        <div
          class="display"
          data-testid="display"
        >
          0
        </div>
      </div>
      <div
        class="row"
      >
        <button
          class="item"
          name="AC"
          type="button"
        >
          AC
        </button>
        <button
          class="item"
          name="+/-"
          type="button"
        >
          +/-
        </button>
        <button
          class="item"
          name="%"
          type="button"
        >
          %
        </button>
        <button
          class="item it-color"
          name="รท"
          type="button"
        >
          รท
        </button>
      </div>
      <div
        class="row"
      >
        <button
          class="item"
          name="7"
          type="button"
        >
          7
        </button>
        <button
          class="item"
          name="8"
          type="button"
        >
          8
        </button>
        <button
          class="item"
          name="9"
          type="button"
        >
          9
        </button>
        <button
          class="item it-color"
          name="x"
          type="button"
        >
          x
        </button>
      </div>
      <div
        class="row"
      >
        <button
          class="item"
          name="4"
          type="button"
        >
          4
        </button>
        <button
          class="item"
          name="5"
          type="button"
        >
          5
        </button>
        <button
          class="item"
          name="6"
          type="button"
        >
          6
        </button>
        <button
          class="item it-color"
          name="-"
          type="button"
        >
          -
        </button>
      </div>
      <div
        class="row"
      >
        <button
          class="item"
          name="1"
          type="button"
        >
          1
        </button>
        <button
          class="item"
          name="2"
          type="button"
        >
          2
        </button>
        <button
          class="item"
          name="3"
          type="button"
        >
          3
        </button>
        <button
          class="item it-color"
          name="+"
          type="button"
        >
          +
        </button>
      </div>
      <div
        class="row"
      >
        <button
          class="item"
          name="0"
          type="button"
        >
          0
        </button>
        <button
          class="item"
          name="."
          type="button"
        >
          .
        </button>
        <button
          class="item it-color"
          name="="
          type="button"
        >
          =
        </button>
      </div>
    </div>
  </div>
</DocumentFragment>
`;
