// Jest Snapshot v1, https://goo.gl/fbAQLP

exports[`QuoteComponent matches snapshot 1`] = `
<DocumentFragment>
  <div
    class="quote font"
    data-testid="quote"
  >
    Loading...
  </div>
</DocumentFragment>
`;
